../Drivers/CMSIS/Include/core_cm4.h:1679:22:__NVIC_EnableIRQ	16	static,ignoring_inline_asm
../Drivers/STM32WBxx_HAL_Driver/Inc/stm32wbxx_ll_rcc.h:1679:22:LL_RCC_LSE_SetDriveCapability	16	static
../Drivers/STM32WBxx_HAL_Driver/Inc/stm32wbxx_ll_bus.h:539:22:LL_AHB2_GRP1_EnableClock	24	static
../Core/Src/main.c:76:5:main	16	static,ignoring_inline_asm
../Core/Src/main.c:174:6:SystemClock_Config	112	static
../Core/Src/main.c:242:6:PeriphCommonClock_Config	88	static
../Core/Src/main.c:267:13:MX_IPCC_Init	8	static
../Core/Src/main.c:293:13:MX_RF_Init	4	static
../Core/Src/main.c:314:13:MX_RTC_Init	8	static
../Core/Src/main.c:350:13:MX_USART1_UART_Init	8	static
../Core/Src/main.c:398:13:MX_USB_PCD_Init	8	static
../Core/Src/main.c:431:13:MX_GPIO_Init	32	static
../Core/Src/main.c:473:6:Error_Handler	4	static,ignoring_inline_asm
