../STM32_WPAN/App/app_zigbee.c:141:28:messaging_client_1_display_message	24	static
../STM32_WPAN/App/app_zigbee.c:148:28:messaging_client_1_cancel_message	24	static
../STM32_WPAN/App/app_zigbee.c:155:28:messaging_client_1_cancel_all_messages	24	static
../STM32_WPAN/App/app_zigbee.c:162:28:messaging_client_1_display_protected_message	24	static
../STM32_WPAN/App/app_zigbee.c:169:28:messaging_server_1_get_last_message	24	static
../STM32_WPAN/App/app_zigbee.c:176:28:messaging_server_1_message_confirmation	24	static
../STM32_WPAN/App/app_zigbee.c:183:28:messaging_server_1_get_message_cancellation	24	static
../STM32_WPAN/App/app_zigbee.c:194:6:APP_ZIGBEE_Init	16	static
../STM32_WPAN/App/app_zigbee.c:237:13:APP_ZIGBEE_StackLayersInit	8	static
../STM32_WPAN/App/app_zigbee.c:268:13:APP_ZIGBEE_ConfigEndpoints	40	static
../STM32_WPAN/App/app_zigbee.c:305:13:APP_ZIGBEE_NwkForm	496	static
../STM32_WPAN/App/app_zigbee.c:369:13:ZbStartupWaitCb	24	static
../STM32_WPAN/App/app_zigbee.c:378:20:ZbStartupWait	24	static
../STM32_WPAN/App/app_zigbee.c:407:6:APP_ZIGBEE_Error	16	static
../STM32_WPAN/App/app_zigbee.c:429:13:APP_ZIGBEE_TraceError	24	static
../STM32_WPAN/App/app_zigbee.c:443:13:APP_ZIGBEE_CheckWirelessFirmwareInfo	104	static
../STM32_WPAN/App/app_zigbee.c:514:6:APP_ZIGBEE_RegisterCmdBuffer	16	static
../STM32_WPAN/App/app_zigbee.c:519:24:ZIGBEE_Get_OTCmdPayloadBuffer	4	static
../STM32_WPAN/App/app_zigbee.c:524:24:ZIGBEE_Get_OTCmdRspPayloadBuffer	4	static
../STM32_WPAN/App/app_zigbee.c:529:24:ZIGBEE_Get_NotificationPayloadBuffer	4	static
../STM32_WPAN/App/app_zigbee.c:534:24:ZIGBEE_Get_M0RequestPayloadBuffer	4	static
../STM32_WPAN/App/app_zigbee.c:545:6:ZIGBEE_CmdTransfer	16	static
../STM32_WPAN/App/app_zigbee.c:568:6:TL_ZIGBEE_CmdEvtReceived	16	static
../STM32_WPAN/App/app_zigbee.c:582:6:TL_ZIGBEE_NotReceived	16	static
../STM32_WPAN/App/app_zigbee.c:597:6:Pre_ZigbeeCmdProcessing	8	static
../STM32_WPAN/App/app_zigbee.c:608:13:Wait_Getting_Ack_From_M0	8	static
../STM32_WPAN/App/app_zigbee.c:620:13:Receive_Ack_From_M0	8	static
../STM32_WPAN/App/app_zigbee.c:631:13:Receive_Notification_From_M0	8	static
../STM32_WPAN/App/app_zigbee.c:643:6:TL_ZIGBEE_M0RequestReceived	16	static
../STM32_WPAN/App/app_zigbee.c:656:6:APP_ZIGBEE_TL_INIT	8	static
../STM32_WPAN/App/app_zigbee.c:669:6:APP_ZIGBEE_ProcessNotifyM0ToM4	8	static
../STM32_WPAN/App/app_zigbee.c:689:6:APP_ZIGBEE_ProcessRequestM0ToM4	8	static
../STM32_WPAN/App/app_zigbee.c:697:13:APP_ZIGBEE_InitMsg	4	static
../STM32_WPAN/App/app_zigbee.c:721:13:APP_ZIGBEE_SW1_Process	88	static
